
 Quartz v4.5.2  

Cleaned output directory `public` in 80ms
Found 281 input files from `content` in 30ms
Parsing input files using 2 threads

Warning: content/index.md isn't yet tracked by git, dates will be inaccurate

Warning: content/룩스테라/신격/교역과 항로, 상단의 여신 프레티아.md isn't yet tracked by git, dates will be inaccurate

Warning: content/룩스테라/설정/가호 사냥꾼.md isn't yet tracked by git, dates will be inaccurate

Warning: content/룩스테라/설정/갑각요새국 카르키논.md isn't yet tracked by git, dates will be inaccurate

Warning: content/룩스테라/설정/강철 제국 데우스.md isn't yet tracked by git, dates will be inaccurate

Warning: content/룩스테라/신격/궁사와 사냥꾼의 신 바르니오.md isn't yet tracked by git, dates will be inaccurate

Warning: content/룩스테라/신격/균류와 버섯, 부식의 신 로타비아스.md isn't yet tracked by git, dates will be inaccurate

Warning: content/룩스테라/신격/그늘과 휴식, 구름의 신 오르네스.md isn't yet tracked by git, dates will be inaccurate

Warning: content/룩스테라/신격/그림자와 도둑의 신 녹티스.md isn't yet tracked by git, dates will be inaccurate

Warning: content/룩스테라/신격/금속과 광물의 신 칼바르.md isn't yet tracked by git, dates will be inaccurate

Warning: content/룩스테라/신격/기억과 망각의 여신 오블리레테.md isn't yet tracked by git, dates will be inaccurate

Warning: content/룩스테라/신격/길을 여는 바람, 폭풍과 여행의 신 풍백장군.md isn't yet tracked by git, dates will be inaccurate

Warning: content/룩스테라/설정/검은 광기.md isn't yet tracked by git, dates will be inaccurate

Warning: content/룩스테라/설정/공포의 의회.md isn't yet tracked by git, dates will be inaccurate

Warning: content/룩스테라/설정/그라니타헤이븐 항구.md isn't yet tracked by git, dates will be inaccurate

Warning: content/룩스테라/설정/그림니르.md isn't yet tracked by git, dates will be inaccurate

Warning: content/룩스테라/설정/기년법 Ausvalen Cataclysm (BAC AAC).md isn't yet tracked by git, dates will be inaccurate

Warning: content/룩스테라/설정/넘어온 자들.md isn't yet tracked by git, dates will be inaccurate

Warning: content/룩스테라/설정/네베아 대륙.md isn't yet tracked by git, dates will be inaccurate

Warning: content/룩스테라/설정/녹턴 대륙.md isn't yet tracked by git, dates will be inaccurate

Warning: content/룩스테라/설정/단령 막부.md isn't yet tracked by git, dates will be inaccurate

Warning: content/룩스테라/설정/대륙.md isn't yet tracked by git, dates will be inaccurate

Warning: content/룩스테라/설정/대마경 아우스발렌 던전.md isn't yet tracked by git, dates will be inaccurate

Warning: content/룩스테라/설정/대지의 신성 왕국 르기안.md isn't yet tracked by git, dates will be inaccurate

Warning: content/룩스테라/설정/던전.md isn't yet tracked by git, dates will be inaccurate

Warning: content/룩스테라/설정/듀란 애시모르.md isn't yet tracked by git, dates will be inaccurate

Warning: content/룩스테라/설정/드래곤.md isn't yet tracked by git, dates will be inaccurate

Warning: content/룩스테라/설정/드로이드.md isn't yet tracked by git, dates will be inaccurate

Warning: content/룩스테라/설정/드워프.md isn't yet tracked by git, dates will be inaccurate

Warning: content/룩스테라/신격/깊은 심연의 이드리크.md isn't yet tracked by git, dates will be inaccurate

Warning: content/룩스테라/설정/루미나리스 신성 왕국.md isn't yet tracked by git, dates will be inaccurate

Warning: content/룩스테라/신격/달그림자의 예언자, 꿈과 운명의 여신 월영성모.md isn't yet tracked by git, dates will be inaccurate

Warning: content/룩스테라/설정/룩스테라.md isn't yet tracked by git, dates will be inaccurate

Warning: content/룩스테라/설정/룬다르 신성 제국.md isn't yet tracked by git, dates will be inaccurate

Warning: content/룩스테라/신격/대지의 신 르기안.md isn't yet tracked by git, dates will be inaccurate

Warning: content/룩스테라/설정/리프안코르 항구.md isn't yet tracked by git, dates will be inaccurate

Warning: content/룩스테라/신격/도박과 탐욕, 중독의 신 벨투스.md isn't yet tracked by git, dates will be inaccurate

Warning: content/룩스테라/설정/마나와 마법.md isn't yet tracked by git, dates will be inaccurate

Warning: content/룩스테라/설정/마키나.md isn't yet tracked by git, dates will be inaccurate

Warning: content/룩스테라/신격/독빛과 표류혼의 여신 베살리아.md isn't yet tracked by git, dates will be inaccurate

Warning: content/룩스테라/설정/망서루 항구.md isn't yet tracked by git, dates will be inaccurate

Warning: content/룩스테라/설정/모험가.md isn't yet tracked by git, dates will be inaccurate

Warning: content/룩스테라/신격/동방의 새싹용신 창림청룡대성(蒼林靑龍大聖).md isn't yet tracked by git, dates will be inaccurate

Warning: content/룩스테라/신격/드워프와 대장장이의 신 칼림보르.md isn't yet tracked by git, dates will be inaccurate

Warning: content/룩스테라/설정/무림(武林) 최소 개념 정리.md isn't yet tracked by git, dates will be inaccurate

Warning: content/룩스테라/설정/무림.md isn't yet tracked by git, dates will be inaccurate

Warning: content/룩스테라/설정/물의 신성 왕국 쿠아리온.md isn't yet tracked by git, dates will be inaccurate

Warning: content/룩스테라/신격/만권의 기록자, 문자와 지식의 신 창문성군.md isn't yet tracked by git, dates will be inaccurate

Warning: content/룩스테라/신격/만마의 주인, 역천의 신 천마.md isn't yet tracked by git, dates will be inaccurate

Warning: content/룩스테라/설정/바람의 신성 왕국 에아누르.md isn't yet tracked by git, dates will be inaccurate

Warning: content/룩스테라/신격/매혹과 색욕의 여신 루스튀아.md isn't yet tracked by git, dates will be inaccurate

Warning: content/룩스테라/설정/발가르 대륙.md isn't yet tracked by git, dates will be inaccurate

Warning: content/룩스테라/신격/맹독과 늪의 여신 베노미라.md isn't yet tracked by git, dates will be inaccurate

Warning: content/룩스테라/설정/발라스쿠 연맹.md isn't yet tracked by git, dates will be inaccurate

Warning: content/룩스테라/신격/맹세의 집행자, 법과 형벌의 신 법도천군.md isn't yet tracked by git, dates will be inaccurate

Warning: content/룩스테라/설정/발로르 왕국.md isn't yet tracked by git, dates will be inaccurate

Warning: content/룩스테라/신격/명부의 재판관, 죽음과 윤회의 신 염라.md isn't yet tracked by git, dates will be inaccurate

Warning: content/룩스테라/신격/모래와 사막, 인내의 여신 사하르.md isn't yet tracked by git, dates will be inaccurate

Warning: content/룩스테라/설정/불의 신성 왕국 아그니르.md isn't yet tracked by git, dates will be inaccurate

Warning: content/룩스테라/신격/모험과 귀환, 개척의 신 발타스.md isn't yet tracked by git, dates will be inaccurate

Warning: content/룩스테라/설정/블랙헤이븐 항구.md isn't yet tracked by git, dates will be inaccurate

Warning: content/룩스테라/설정/빛의 귀인.md isn't yet tracked by git, dates will be inaccurate

Warning: content/룩스테라/설정/생명의 신성 왕국 실바니아.md isn't yet tracked by git, dates will be inaccurate

Warning: content/룩스테라/신격/물길의 수호자, 수로와 조운의 신 하백용왕.md isn't yet tracked by git, dates will be inaccurate

Warning: content/룩스테라/설정/선림(仙林) 최소 개념 정리.md isn't yet tracked by git, dates will be inaccurate

Warning: content/룩스테라/신격/물의 여신 쿠아리아.md isn't yet tracked by git, dates will be inaccurate

Warning: content/룩스테라/설정/선림.md isn't yet tracked by git, dates will be inaccurate

Warning: content/룩스테라/설정/세계수 위그드라실.md isn't yet tracked by git, dates will be inaccurate

Warning: content/룩스테라/신격/바다의 여신 칼라디엘.md isn't yet tracked by git, dates will be inaccurate

Warning: content/룩스테라/설정/셀레스티얼 실바.md isn't yet tracked by git, dates will be inaccurate

Warning: content/룩스테라/신격/바람의 신 아누르.md isn't yet tracked by git, dates will be inaccurate

Warning: content/룩스테라/설정/솔리움 항구.md isn't yet tracked by git, dates will be inaccurate

Warning: content/룩스테라/설정/쉐도우글래스 항구.md isn't yet tracked by git, dates will be inaccurate

Warning: content/룩스테라/신격/발명과 번뜩임, 도약의 신 볼티르.md isn't yet tracked by git, dates will be inaccurate

Warning: content/룩스테라/설정/스케이븐.md isn't yet tracked by git, dates will be inaccurate

Warning: content/룩스테라/설정/시초의 제국.md isn't yet tracked by git, dates will be inaccurate

Warning: content/룩스테라/신격/백염의 주인, 태양과 정화의 여신 일륜천후.md isn't yet tracked by git, dates will be inaccurate

Warning: content/룩스테라/설정/신앙과 종교.md isn't yet tracked by git, dates will be inaccurate

Warning: content/룩스테라/신격/백초의 현자, 의술과 해독의 신 약왕진인.md isn't yet tracked by git, dates will be inaccurate

Warning: content/룩스테라/설정/실란도르 대륙.md isn't yet tracked by git, dates will be inaccurate

Warning: content/룩스테라/신격/번개와 천둥의 신 아르게스.md isn't yet tracked by git, dates will be inaccurate

Warning: content/룩스테라/설정/심해의 다섯 왕국의 성물.md isn't yet tracked by git, dates will be inaccurate

Warning: content/룩스테라/신격/번영과 거래, 투자의 신 아바리온.md isn't yet tracked by git, dates will be inaccurate

Warning: content/룩스테라/설정/심해의 의회.md isn't yet tracked by git, dates will be inaccurate

Warning: content/룩스테라/신격/부패와 질병의 여신 모르간.md isn't yet tracked by git, dates will be inaccurate

Warning: content/룩스테라/설정/쌍령왕국 사티야.md isn't yet tracked by git, dates will be inaccurate

Warning: content/룩스테라/설정/아그네스 밀러.md isn't yet tracked by git, dates will be inaccurate

Warning: content/룩스테라/신격/북방의 얼음수호군 현명진무대군(玄冥眞武大君).md isn't yet tracked by git, dates will be inaccurate

Warning: content/룩스테라/설정/아르젠타 항구.md isn't yet tracked by git, dates will be inaccurate

Warning: content/룩스테라/설정/아르카 마법 연합.md isn't yet tracked by git, dates will be inaccurate

Warning: content/룩스테라/신격/분노와 복수의 신 자르카스.md isn't yet tracked by git, dates will be inaccurate

Warning: content/룩스테라/설정/아우렐리아 항구.md isn't yet tracked by git, dates will be inaccurate

Warning: content/룩스테라/신격/불과 열기의 신 아그니.md isn't yet tracked by git, dates will be inaccurate

Warning: content/룩스테라/설정/아이언앵커 항구.md isn't yet tracked by git, dates will be inaccurate

Warning: content/룩스테라/신격/불행과 배신, 이간질의 여신 말리사.md isn't yet tracked by git, dates will be inaccurate

Warning: content/룩스테라/설정/아이언포지 연맹.md isn't yet tracked by git, dates will be inaccurate

Warning: content/룩스테라/신격/붉은 해성의 여신 아스테리아.md isn't yet tracked by git, dates will be inaccurate

Warning: content/룩스테라/설정/아주르헤이븐 항구.md isn't yet tracked by git, dates will be inaccurate

Warning: content/룩스테라/설정/아카이럼 밀러.md isn't yet tracked by git, dates will be inaccurate

Warning: content/룩스테라/신격/비구름의 군주, 강과 풍요의 신 청룡대제.md isn't yet tracked by git, dates will be inaccurate

Warning: content/룩스테라/설정/아크나톤 제국.md isn't yet tracked by git, dates will be inaccurate

Warning: content/룩스테라/신격/비와 눈, 폭풍우의 여신 이리디아.md isn't yet tracked by git, dates will be inaccurate

Warning: content/룩스테라/설정/안개 농도.md isn't yet tracked by git, dates will be inaccurate

Warning: content/룩스테라/신격/빛의 신 룬다르.md isn't yet tracked by git, dates will be inaccurate

Warning: content/룩스테라/설정/앙그라의 못.md isn't yet tracked by git, dates will be inaccurate

Warning: content/룩스테라/설정/앙그라의 안개.md isn't yet tracked by git, dates will be inaccurate

Warning: content/룩스테라/신격/사랑과 미의 여신 베누아.md isn't yet tracked by git, dates will be inaccurate

Warning: content/룩스테라/신격/산맥의 신 몬타누스.md isn't yet tracked by git, dates will be inaccurate

Warning: content/룩스테라/설정/앙그라의 잔향.md isn't yet tracked by git, dates will be inaccurate

Warning: content/룩스테라/신격/생명과 질서의 빛, 세계수의 여신 위그드라실.md isn't yet tracked by git, dates will be inaccurate

Warning: content/룩스테라/설정/어둠의 신성 왕국 에레보스.md isn't yet tracked by git, dates will be inaccurate

Warning: content/룩스테라/설정/에리나 밀러.md isn't yet tracked by git, dates will be inaccurate

Warning: content/룩스테라/신격/생명의 여신 실바누스.md isn't yet tracked by git, dates will be inaccurate

Warning: content/룩스테라/설정/에리디안 경비대.md isn't yet tracked by git, dates will be inaccurate

Warning: content/룩스테라/신격/서방의 강철호신 철악백호장군(鐵嶽白虎將軍).md isn't yet tracked by git, dates will be inaccurate

Warning: content/룩스테라/설정/에리디안 대륙.md isn't yet tracked by git, dates will be inaccurate

Warning: content/룩스테라/신격/서풍의 판정자, 서풍백룡진군(西風白龍眞君).md isn't yet tracked by git, dates will be inaccurate

Warning: content/룩스테라/신격/성난 파도의 장수, 폭풍과 해전의 신 해뢰군.md isn't yet tracked by git, dates will be inaccurate

Warning: content/룩스테라/설정/에리디안 제국.md isn't yet tracked by git, dates will be inaccurate

Warning: content/룩스테라/신격/쇠불의 장인, 대장간과 제련의 신 야철성군.md isn't yet tracked by git, dates will be inaccurate

Warning: content/룩스테라/설정/에메랄드게이트 항구.md isn't yet tracked by git, dates will be inaccurate

Warning: content/룩스테라/신격/숲과 초목, 초원의 여신 아르데아.md isn't yet tracked by git, dates will be inaccurate

Warning: content/룩스테라/설정/에미르 라이트블룸 렘바이스.md isn't yet tracked by git, dates will be inaccurate

Warning: content/룩스테라/설정/에테르나 공화국.md isn't yet tracked by git, dates will be inaccurate

Warning: content/룩스테라/신격/승천 실패의 흉조, 흑린망룡(黑鱗亡龍).md isn't yet tracked by git, dates will be inaccurate

Warning: content/룩스테라/신격/시공간의 신 아이온.md isn't yet tracked by git, dates will be inaccurate

Warning: content/룩스테라/설정/엘드라시온 왕국.md isn't yet tracked by git, dates will be inaccurate

Warning: content/룩스테라/신격/신비의 여신 미스티아.md isn't yet tracked by git, dates will be inaccurate

Warning: content/룩스테라/설정/엘프.md isn't yet tracked by git, dates will be inaccurate

Warning: content/룩스테라/설정/오렐리아 항구.md isn't yet tracked by git, dates will be inaccurate

Warning: content/룩스테라/신격/신산의 호령자, 산악과 수호의 신 백악산군.md isn't yet tracked by git, dates will be inaccurate

Warning: content/룩스테라/설정/오르반 항구.md isn't yet tracked by git, dates will be inaccurate

Warning: content/룩스테라/설정/옵시디언아치 항구.md isn't yet tracked by git, dates will be inaccurate

Warning: content/룩스테라/설정/운경 황국.md isn't yet tracked by git, dates will be inaccurate

Warning: content/룩스테라/신격/아득한 혼돈의 카우나스.md isn't yet tracked by git, dates will be inaccurate

Warning: content/룩스테라/설정/위그드라실 연맹.md isn't yet tracked by git, dates will be inaccurate

Warning: content/룩스테라/신격/안식과 죽음의 신 솜누스.md isn't yet tracked by git, dates will be inaccurate

Warning: content/룩스테라/설정/위그드라실 의회.md isn't yet tracked by git, dates will be inaccurate

Warning: content/룩스테라/신격/야성과 짐승의 신 카르녹.md isn't yet tracked by git, dates will be inaccurate

Warning: content/룩스테라/설정/위스크 바람.md isn't yet tracked by git, dates will be inaccurate

Warning: content/룩스테라/설정/윈터홀드 항구.md isn't yet tracked by git, dates will be inaccurate

Warning: content/룩스테라/신격/약초와 의술의 신 발란.md isn't yet tracked by git, dates will be inaccurate

Warning: content/룩스테라/설정/유광성역 메두살리스.md isn't yet tracked by git, dates will be inaccurate

Warning: content/룩스테라/신격/어둠의 신 에레보스.md isn't yet tracked by git, dates will be inaccurate

Warning: content/룩스테라/설정/이레귤러 헌터.md isn't yet tracked by git, dates will be inaccurate

Warning: content/룩스테라/신격/언어와 문자, 기록의 신 로기온.md isn't yet tracked by git, dates will be inaccurate

Warning: content/룩스테라/설정/자유 탐사 도시 오리진.md isn't yet tracked by git, dates will be inaccurate

Warning: content/룩스테라/신격/얼음과 냉기, 혹한의 여신 탈라샤.md isn't yet tracked by git, dates will be inaccurate

Warning: content/룩스테라/신격/역천과 언데드의 신 네크룸.md isn't yet tracked by git, dates will be inaccurate

Warning: content/룩스테라/설정/자유 탐사 연맹 공고 유형.md isn't yet tracked by git, dates will be inaccurate

Warning: content/룩스테라/신격/예술과 음유시인의 신 리라온.md isn't yet tracked by git, dates will be inaccurate

Warning: content/룩스테라/신격/왕조의 흉길을 울리는 금오 금오태자(金烏太子).md isn't yet tracked by git, dates will be inaccurate

Warning: content/룩스테라/신격/용의 숨결과 비늘의 신 드라카드.md isn't yet tracked by git, dates will be inaccurate

Warning: content/룩스테라/신격/운명의 세 여신(우르다, 베르다, 나이트라).md isn't yet tracked by git, dates will be inaccurate

Warning: content/룩스테라/신격/인연의 미궁을 읽는 천호 구현천호낭랑(九玄天狐娘娘).md isn't yet tracked by git, dates will be inaccurate

Warning: content/룩스테라/설정/자유 탐사 연맹.md isn't yet tracked by git, dates will be inaccurate

Warning: content/룩스테라/신격/장례와 매장, 애도의 신 오비투스.md isn't yet tracked by git, dates will be inaccurate

Warning: content/룩스테라/설정/재생왕국 아스테라케.md isn't yet tracked by git, dates will be inaccurate

Warning: content/룩스테라/신격/재앙의 열기, 홍련적룡군(紅蓮赤龍君).md isn't yet tracked by git, dates will be inaccurate

Warning: content/룩스테라/설정/정령.md isn't yet tracked by git, dates will be inaccurate

Warning: content/룩스테라/설정/정제사.md isn't yet tracked by git, dates will be inaccurate

Warning: content/룩스테라/신격/재와 연기의 여신 애신드라.md isn't yet tracked by git, dates will be inaccurate

Warning: content/룩스테라/설정/진명영 항구.md isn't yet tracked by git, dates will be inaccurate

Warning: content/룩스테라/설정/진주해국 마르가리온.md isn't yet tracked by git, dates will be inaccurate

Warning: content/룩스테라/신격/잿더미의 부활조 염화주작천후(炎華朱雀天后).md isn't yet tracked by git, dates will be inaccurate

Warning: content/룩스테라/신격/전쟁과 방패, 수호의 여신 팔라기아.md isn't yet tracked by git, dates will be inaccurate

Warning: content/룩스테라/설정/천마신교.md isn't yet tracked by git, dates will be inaccurate

Warning: content/룩스테라/설정/천문대 항구.md isn't yet tracked by git, dates will be inaccurate

Warning: content/룩스테라/신격/전쟁과 용기, 영웅의 신 티리안.md isn't yet tracked by git, dates will be inaccurate

Warning: content/룩스테라/설정/철갑진 항구.md isn't yet tracked by git, dates will be inaccurate

Warning: content/룩스테라/설정/청연 대륙.md isn't yet tracked by git, dates will be inaccurate

Warning: content/룩스테라/신격/전쟁과 전술, 책략의 신 시지아스.md isn't yet tracked by git, dates will be inaccurate

Warning: content/룩스테라/설정/카르바넬 왕국.md isn't yet tracked by git, dates will be inaccurate

Warning: content/룩스테라/신격/전쟁과 정복, 포학의 신 볼로고르.md isn't yet tracked by git, dates will be inaccurate

Warning: content/룩스테라/신격/전쟁과 파괴의 신 바르툼.md isn't yet tracked by git, dates will be inaccurate

Warning: content/룩스테라/설정/카르코사 대륙.md isn't yet tracked by git, dates will be inaccurate

Warning: content/룩스테라/설정/카밀론 락클리프.md isn't yet tracked by git, dates will be inaccurate

Warning: content/룩스테라/신격/지맥의 중심축, 중악황룡제군(中嶽黃龍帝君).md isn't yet tracked by git, dates will be inaccurate

Warning: content/룩스테라/설정/칼디라 대륙.md isn't yet tracked by git, dates will be inaccurate

Warning: content/룩스테라/신격/지식과 지혜의 신 그녹시아스.md isn't yet tracked by git, dates will be inaccurate

Warning: content/룩스테라/설정/컬트 오브 디스페어.md isn't yet tracked by git, dates will be inaccurate

Warning: content/룩스테라/신격/지하세계의 여신 움브라.md isn't yet tracked by git, dates will be inaccurate

Warning: content/룩스테라/설정/크리스틴 밀러.md isn't yet tracked by git, dates will be inaccurate

Warning: content/룩스테라/설정/테라 셀레스티아.md isn't yet tracked by git, dates will be inaccurate

Warning: content/룩스테라/신격/진주길의 여신 네레이온.md isn't yet tracked by git, dates will be inaccurate

Warning: content/룩스테라/설정/테라 움브라.md isn't yet tracked by git, dates will be inaccurate

Warning: content/룩스테라/신격/질서와 법률의 신 유스토르.md isn't yet tracked by git, dates will be inaccurate

Warning: content/룩스테라/설정/테오르 마르케인.md isn't yet tracked by git, dates will be inaccurate

Warning: content/룩스테라/설정/토템 가디언.md isn't yet tracked by git, dates will be inaccurate

Warning: content/룩스테라/설정/투누케나 부족.md isn't yet tracked by git, dates will be inaccurate

Warning: content/룩스테라/신격/징벌과 복수의 신 말레디크.md isn't yet tracked by git, dates will be inaccurate

Warning: content/룩스테라/신격/천명의 주재자, 하늘 질서의 신 옥황.md isn't yet tracked by git, dates will be inaccurate

Warning: content/룩스테라/설정/펠가르드 연맹.md isn't yet tracked by git, dates will be inaccurate

Warning: content/룩스테라/신격/축제와 유흥의 신 바카레스.md isn't yet tracked by git, dates will be inaccurate

Warning: content/룩스테라/설정/프로스트 앵커 항구.md isn't yet tracked by git, dates will be inaccurate

Warning: content/룩스테라/설정/프로스트베일 항구.md isn't yet tracked by git, dates will be inaccurate

Warning: content/룩스테라/설정/해월 연방.md isn't yet tracked by git, dates will be inaccurate

Warning: content/룩스테라/신격/침몰한 비밀의 왕, 심연흑룡왕(深淵黑龍王).md isn't yet tracked by git, dates will be inaccurate

Warning: content/룩스테라/신격/탄생과 소멸, 순환의 신 르비우스.md isn't yet tracked by git, dates will be inaccurate

Warning: content/룩스테라/설정/해월진 항구.md isn't yet tracked by git, dates will be inaccurate

Warning: content/룩스테라/설정/화폐 개념.md isn't yet tracked by git, dates will be inaccurate

Warning: content/룩스테라/신격/태양의 신 솔라리스 달의 여신 루나리스.md isn't yet tracked by git, dates will be inaccurate

Warning: content/룩스테라/설정/흑묵서고국 세피라스.md isn't yet tracked by git, dates will be inaccurate

Warning: content/룩스테라/신격/통치와 권위의 신 오르다누스.md isn't yet tracked by git, dates will be inaccurate

Warning: content/룩스테라/신격/가뭄과 기근의 신 우르투스.md isn't yet tracked by git, dates will be inaccurate

Warning: content/룩스테라/신격/풍요와 농경의 여신 하르비아.md isn't yet tracked by git, dates will be inaccurate

Warning: content/룩스테라/신격/가정과 평안의 여신 베스티아.md isn't yet tracked by git, dates will be inaccurate

Warning: content/룩스테라/신격/피맹세의 추적자, 원한과 복수의 신 암향신군.md isn't yet tracked by git, dates will be inaccurate

Warning: content/룩스테라/신격/피와 살육의 신 바르칼라인.md isn't yet tracked by git, dates will be inaccurate

Warning: content/룩스테라/신격/거지와 방랑자의 신 미그라.md isn't yet tracked by git, dates will be inaccurate

Warning: content/룩스테라/신격/하늘의 신 아이테리온.md isn't yet tracked by git, dates will be inaccurate

Warning: content/룩스테라/신격/거짓과 기만의 신 로칸.md isn't yet tracked by git, dates will be inaccurate

Warning: content/룩스테라/신격/해충과 역병의 여신 벨로지아.md isn't yet tracked by git, dates will be inaccurate

Warning: content/룩스테라/신격/검은 갑각의 신 카르카노스.md isn't yet tracked by git, dates will be inaccurate

Warning: content/룩스테라/신격/행운의 여신 찬티아.md isn't yet tracked by git, dates will be inaccurate

Warning: content/룩스테라/신격/검은 밤의 파수자, 어둠과 비밀의 신 현야신군.md isn't yet tracked by git, dates will be inaccurate

Warning: content/룩스테라/신격/형언할 수 없는 미지의 화신.md isn't yet tracked by git, dates will be inaccurate

Warning: content/룩스테라/신격/격류와 흐름, 강의 신 리브라스.md isn't yet tracked by git, dates will be inaccurate

Warning: content/룩스테라/신격/혼길의 중재자, 무속과 접신의 여신 무령할미.md isn't yet tracked by git, dates will be inaccurate

Warning: content/룩스테라/신격/화산의 신 불카르칸.md isn't yet tracked by git, dates will be inaccurate

Warning: content/룩스테라/신격/경계와 숨김, 안개의 신 노르시스.md isn't yet tracked by git, dates will be inaccurate

Warning: content/룩스테라/신격/환상과 몽환의 여신 에테리아.md isn't yet tracked by git, dates will be inaccurate

Warning: content/룩스테라/신격/고요함과 멈춤, 호수의 여신 미레노아.md isn't yet tracked by git, dates will be inaccurate

Warning: content/룩스테라/신격/흑묵과 맹약의 신 오르시온.md isn't yet tracked by git, dates will be inaccurate

Warning: content/룩스테라/템플릿/설정_국가 템플릿.md isn't yet tracked by git, dates will be inaccurate

Warning: content/룩스테라/신격/고통과 절망의 신 페레고르.md isn't yet tracked by git, dates will be inaccurate

Warning: content/룩스테라/템플릿/설정_기본 템플릿.md isn't yet tracked by git, dates will be inaccurate

Warning: content/룩스테라/템플릿/설정_단체 템플릿.md isn't yet tracked by git, dates will be inaccurate

Warning: content/룩스테라/템플릿/설정_대륙 템플릿.md isn't yet tracked by git, dates will be inaccurate

Warning: content/룩스테라/신격/곡식의 어머니, 농경과 생명의 여신 농황신후.md isn't yet tracked by git, dates will be inaccurate

Warning: content/룩스테라/템플릿/신격_기본 템플릿.md isn't yet tracked by git, dates will be inaccurate

Warning: content/룩스테라/신격/공포와 허기, 검은 안개의 신 앙그라.md isn't yet tracked by git, dates will be inaccurate

Warning: content/엘드로스/설정/2031-2039 제4차 세계대전.md isn't yet tracked by git, dates will be inaccurate

Warning: content/엘드로스/설정/2040년대-2290년대 대붕괴.md isn't yet tracked by git, dates will be inaccurate

Warning: content/엘드로스/설정/2310 최초의 차원 굴절.md isn't yet tracked by git, dates will be inaccurate

Warning: content/엘드로스/설정/2320 선구자 결성.md isn't yet tracked by git, dates will be inaccurate

Warning: content/엘드로스/설정/2322 위그드라실 식수.md isn't yet tracked by git, dates will be inaccurate

Warning: content/엘드로스/설정/길드-라의 영역.md isn't yet tracked by git, dates will be inaccurate

Warning: content/엘드로스/설정/길드-붉은 십자.md isn't yet tracked by git, dates will be inaccurate

Warning: content/엘드로스/설정/길드-새벽의 검.md isn't yet tracked by git, dates will be inaccurate

Warning: content/엘드로스/설정/길드-심연의 서클.md isn't yet tracked by git, dates will be inaccurate

Warning: content/엘드로스/설정/길드-정신의 탑.md isn't yet tracked by git, dates will be inaccurate

Warning: content/엘드로스/설정/길드-철의 방패.md isn't yet tracked by git, dates will be inaccurate

Warning: content/엘드로스/설정/길드.md isn't yet tracked by git, dates will be inaccurate

Warning: content/엘드로스/설정/바이오 디바이스.md isn't yet tracked by git, dates will be inaccurate

Warning: content/엘드로스/설정/클래스-슬레이어.md isn't yet tracked by git, dates will be inaccurate

Warning: content/엘드로스/설정/신목의 요람.md isn't yet tracked by git, dates will be inaccurate

Warning: content/엘드로스/설정/클래스-알케미스트.md isn't yet tracked by git, dates will be inaccurate

Warning: content/엘드로스/설정/엘드로스.md isn't yet tracked by git, dates will be inaccurate

Warning: content/엘드로스/설정/클래스-어쎄신.md isn't yet tracked by git, dates will be inaccurate

Warning: content/엘드로스/설정/위그드라실.md isn't yet tracked by git, dates will be inaccurate

Warning: content/엘드로스/설정/클래스-에스퍼.md isn't yet tracked by git, dates will be inaccurate

Warning: content/엘드로스/설정/정제사.md isn't yet tracked by git, dates will be inaccurate

Warning: content/엘드로스/설정/클래스-오퍼레이터.md isn't yet tracked by git, dates will be inaccurate

Warning: content/엘드로스/설정/클래스-드루이드.md isn't yet tracked by git, dates will be inaccurate

Warning: content/엘드로스/설정/클래스-리퍼.md isn't yet tracked by git, dates will be inaccurate

Warning: content/엘드로스/설정/클래스.md isn't yet tracked by git, dates will be inaccurate

Warning: content/엘드로스/설정/클래스-메카닉.md isn't yet tracked by git, dates will be inaccurate

Warning: content/엘드로스/설정/클래스-비스트 테이머.md isn't yet tracked by git, dates will be inaccurate

Warning: content/엘드로스/설정/클랜.md isn't yet tracked by git, dates will be inaccurate

Warning: content/엘드로스/설정/클래스-서머너.md isn't yet tracked by git, dates will be inaccurate

Warning: content/엘드로스/설정/헌터.md isn't yet tracked by git, dates will be inaccurate

Warning: content/엘드로스/설정/클래스-성직자.md isn't yet tracked by git, dates will be inaccurate

Warning: content/엘드로스/설정/클래스-소서리스.md isn't yet tracked by git, dates will be inaccurate

Warning: content/엘드로스/템플릿/설정_국가 템플릿.md isn't yet tracked by git, dates will be inaccurate

Warning: content/엘드로스/템플릿/설정_기본 템플릿.md isn't yet tracked by git, dates will be inaccurate

Warning: content/엘드로스/템플릿/설정_길드 템플릿.md isn't yet tracked by git, dates will be inaccurate

Warning: content/엘드로스/템플릿/설정_단체 템플릿.md isn't yet tracked by git, dates will be inaccurate

Warning: content/엘드로스/템플릿/설정_대륙 템플릿.md isn't yet tracked by git, dates will be inaccurate

Warning: content/엘드로스/템플릿/설정_도시 템플릿.md isn't yet tracked by git, dates will be inaccurate

Warning: content/엘드로스/템플릿/설정_몬스터 템플릿.md isn't yet tracked by git, dates will be inaccurate

Warning: content/엘드로스/템플릿/설정_사건 템플릿.md isn't yet tracked by git, dates will be inaccurate

Warning: content/엘드로스/템플릿/설정_아이템 템플릿.md isn't yet tracked by git, dates will be inaccurate

Warning: content/엘드로스/템플릿/설정_인물 템플릿.md isn't yet tracked by git, dates will be inaccurate

Warning: content/엘드로스/템플릿/설정_종족 템플릿.md isn't yet tracked by git, dates will be inaccurate

Warning: content/엘드로스/템플릿/설정_클래스 템플릿.md isn't yet tracked by git, dates will be inaccurate

Warning: content/엘드로스/템플릿/설정_클랜 템플릿.md isn't yet tracked by git, dates will be inaccurate

Warning: content/엘드로스/템플릿/신격_기본 템플릿.md isn't yet tracked by git, dates will be inaccurate

Warning: content/위그드라실/설정/질서와 혼돈.md isn't yet tracked by git, dates will be inaccurate

Warning: content/위그드라실/설정/질서와 혼돈의 우주론.md isn't yet tracked by git, dates will be inaccurate

Warning: content/위그드라실/설정/창조신과 우주적 대립.md isn't yet tracked by git, dates will be inaccurate
Parsed 281 Markdown files in 3s
Filtered out 0 files in 172μs
Emitting files
Emitted 855 files to `public` in 25s
Done processing 281 files in 28s
Started a Quartz server listening at http://localhost:8080
hint: exit with ctrl+c
[200] /
[200] /
[404] /%EB%A3%A9%EC%8A%A4%ED%85%8C%EB%9D%BC/%EB%B9%84%EB%B0%80-%EC%84%A4%EC%A0%95/
[200] /%EB%A3%A9%EC%8A%A4%ED%85%8C%EB%9D%BC/%EC%84%A4%EC%A0%95/%EB%A3%A9%EC%8A%A4%ED%85%8C%EB%9D%BC/
[200] /
[200] /index.css
[200] /prescript.js
[200] /postscript.js
[200] /static/contentIndex.json
[200] /static/icon.png
[200] /%EB%A3%A9%EC%8A%A4%ED%85%8C%EB%9D%BC/
[200] /%EB%A3%A9%EC%8A%A4%ED%85%8C%EB%9D%BC/%EC%84%A4%EC%A0%95/
[200] /%EB%A3%A9%EC%8A%A4%ED%85%8C%EB%9D%BC/%EC%84%A4%EC%A0%95/%EA%B0%80%ED%98%B8-%EC%82%AC%EB%83%A5%EA%BE%BC
[404] /%EC%9D%B4%EB%AF%B8%EC%A7%80/%EC%84%A4%EC%A0%95/%EA%B0%80%ED%98%B8_%EC%82%AC%EB%83%A5%EA%BE%BC.webp
[200] /%EB%A3%A9%EC%8A%A4%ED%85%8C%EB%9D%BC/%EC%84%A4%EC%A0%95/%EA%B0%91%EA%B0%81%EC%9A%94%EC%83%88%EA%B5%AD-%EC%B9%B4%EB%A5%B4%ED%82%A4%EB%85%BC
[404] /%EC%9D%B4%EB%AF%B8%EC%A7%80/%EC%84%A4%EC%A0%95/%EA%B0%91%EA%B0%81%EC%9A%94%EC%83%88%EA%B5%AD_%EC%B9%B4%EB%A5%B4%ED%82%A4%EB%85%BC.webp
[200] /%EB%A3%A9%EC%8A%A4%ED%85%8C%EB%9D%BC/%EC%9D%B4%EB%AF%B8%EC%A7%80/%EC%84%A4%EC%A0%95/%EA%B0%91%EA%B0%81%EC%9A%94%EC%83%88%EA%B5%AD_%EC%B9%B4%EB%A5%B4%ED%82%A4%EB%85%BC.webp
[200] /%EB%A3%A9%EC%8A%A4%ED%85%8C%EB%9D%BC/%EC%84%A4%EC%A0%95/%EA%B0%91%EA%B0%81%EC%9A%94%EC%83%88%EA%B5%AD-%EC%B9%B4%EB%A5%B4%ED%82%A4%EB%85%BC
Detected a source code change, doing a hard rebuild...
Cleaned output directory `public` in 85ms
Found 281 input files from `content` in 21ms
Parsing input files using 2 threads

Warning: content/index.md isn't yet tracked by git, dates will be inaccurate

Warning: content/룩스테라/신격/교역과 항로, 상단의 여신 프레티아.md isn't yet tracked by git, dates will be inaccurate

Warning: content/룩스테라/설정/가호 사냥꾼.md isn't yet tracked by git, dates will be inaccurate

Warning: content/룩스테라/설정/갑각요새국 카르키논.md isn't yet tracked by git, dates will be inaccurate

Warning: content/룩스테라/신격/궁사와 사냥꾼의 신 바르니오.md isn't yet tracked by git, dates will be inaccurate

Warning: content/룩스테라/설정/강철 제국 데우스.md isn't yet tracked by git, dates will be inaccurate

Warning: content/룩스테라/신격/균류와 버섯, 부식의 신 로타비아스.md isn't yet tracked by git, dates will be inaccurate

Warning: content/룩스테라/설정/검은 광기.md isn't yet tracked by git, dates will be inaccurate

Warning: content/룩스테라/신격/그늘과 휴식, 구름의 신 오르네스.md isn't yet tracked by git, dates will be inaccurate

Warning: content/룩스테라/설정/공포의 의회.md isn't yet tracked by git, dates will be inaccurate

Warning: content/룩스테라/설정/그라니타헤이븐 항구.md isn't yet tracked by git, dates will be inaccurate

Warning: content/룩스테라/설정/그림니르.md isn't yet tracked by git, dates will be inaccurate

Warning: content/룩스테라/신격/그림자와 도둑의 신 녹티스.md isn't yet tracked by git, dates will be inaccurate

Warning: content/룩스테라/설정/기년법 Ausvalen Cataclysm (BAC AAC).md isn't yet tracked by git, dates will be inaccurate

Warning: content/룩스테라/설정/넘어온 자들.md isn't yet tracked by git, dates will be inaccurate

Warning: content/룩스테라/신격/금속과 광물의 신 칼바르.md isn't yet tracked by git, dates will be inaccurate

Warning: content/룩스테라/설정/네베아 대륙.md isn't yet tracked by git, dates will be inaccurate

Warning: content/룩스테라/신격/기억과 망각의 여신 오블리레테.md isn't yet tracked by git, dates will be inaccurate

Warning: content/룩스테라/설정/녹턴 대륙.md isn't yet tracked by git, dates will be inaccurate

Warning: content/룩스테라/신격/길을 여는 바람, 폭풍과 여행의 신 풍백장군.md isn't yet tracked by git, dates will be inaccurate

Warning: content/룩스테라/설정/단령 막부.md isn't yet tracked by git, dates will be inaccurate

Warning: content/룩스테라/신격/깊은 심연의 이드리크.md isn't yet tracked by git, dates will be inaccurate

Warning: content/룩스테라/설정/대륙.md isn't yet tracked by git, dates will be inaccurate

Warning: content/룩스테라/신격/달그림자의 예언자, 꿈과 운명의 여신 월영성모.md isn't yet tracked by git, dates will be inaccurate

Warning: content/룩스테라/설정/대마경 아우스발렌 던전.md isn't yet tracked by git, dates will be inaccurate

Warning: content/룩스테라/설정/대지의 신성 왕국 르기안.md isn't yet tracked by git, dates will be inaccurate

Warning: content/룩스테라/신격/대지의 신 르기안.md isn't yet tracked by git, dates will be inaccurate

Warning: content/룩스테라/설정/던전.md isn't yet tracked by git, dates will be inaccurate

Warning: content/룩스테라/신격/도박과 탐욕, 중독의 신 벨투스.md isn't yet tracked by git, dates will be inaccurate

Warning: content/룩스테라/설정/듀란 애시모르.md isn't yet tracked by git, dates will be inaccurate

Warning: content/룩스테라/설정/드래곤.md isn't yet tracked by git, dates will be inaccurate

Warning: content/룩스테라/신격/독빛과 표류혼의 여신 베살리아.md isn't yet tracked by git, dates will be inaccurate

Warning: content/룩스테라/설정/드로이드.md isn't yet tracked by git, dates will be inaccurate

Warning: content/룩스테라/신격/동방의 새싹용신 창림청룡대성(蒼林靑龍大聖).md isn't yet tracked by git, dates will be inaccurate

Warning: content/룩스테라/설정/드워프.md isn't yet tracked by git, dates will be inaccurate

Warning: content/룩스테라/신격/드워프와 대장장이의 신 칼림보르.md isn't yet tracked by git, dates will be inaccurate

Warning: content/룩스테라/설정/루미나리스 신성 왕국.md isn't yet tracked by git, dates will be inaccurate

Warning: content/룩스테라/신격/만권의 기록자, 문자와 지식의 신 창문성군.md isn't yet tracked by git, dates will be inaccurate

Warning: content/룩스테라/설정/룩스테라.md isn't yet tracked by git, dates will be inaccurate

Warning: content/룩스테라/신격/만마의 주인, 역천의 신 천마.md isn't yet tracked by git, dates will be inaccurate

Warning: content/룩스테라/설정/룬다르 신성 제국.md isn't yet tracked by git, dates will be inaccurate

Warning: content/룩스테라/설정/리프안코르 항구.md isn't yet tracked by git, dates will be inaccurate

Warning: content/룩스테라/신격/매혹과 색욕의 여신 루스튀아.md isn't yet tracked by git, dates will be inaccurate

Warning: content/룩스테라/설정/마나와 마법.md isn't yet tracked by git, dates will be inaccurate

Warning: content/룩스테라/설정/마키나.md isn't yet tracked by git, dates will be inaccurate

Warning: content/룩스테라/설정/망서루 항구.md isn't yet tracked by git, dates will be inaccurate

Warning: content/룩스테라/신격/맹독과 늪의 여신 베노미라.md isn't yet tracked by git, dates will be inaccurate

Warning: content/룩스테라/설정/모험가.md isn't yet tracked by git, dates will be inaccurate

Warning: content/룩스테라/설정/무림(武林) 최소 개념 정리.md isn't yet tracked by git, dates will be inaccurate

Warning: content/룩스테라/신격/맹세의 집행자, 법과 형벌의 신 법도천군.md isn't yet tracked by git, dates will be inaccurate

Warning: content/룩스테라/설정/무림.md isn't yet tracked by git, dates will be inaccurate

Warning: content/룩스테라/설정/물의 신성 왕국 쿠아리온.md isn't yet tracked by git, dates will be inaccurate

Warning: content/룩스테라/신격/명부의 재판관, 죽음과 윤회의 신 염라.md isn't yet tracked by git, dates will be inaccurate

Warning: content/룩스테라/설정/바람의 신성 왕국 에아누르.md isn't yet tracked by git, dates will be inaccurate

Warning: content/룩스테라/신격/모래와 사막, 인내의 여신 사하르.md isn't yet tracked by git, dates will be inaccurate

Warning: content/룩스테라/신격/모험과 귀환, 개척의 신 발타스.md isn't yet tracked by git, dates will be inaccurate

Warning: content/룩스테라/설정/발가르 대륙.md isn't yet tracked by git, dates will be inaccurate

Warning: content/룩스테라/설정/발라스쿠 연맹.md isn't yet tracked by git, dates will be inaccurate

Warning: content/룩스테라/신격/물길의 수호자, 수로와 조운의 신 하백용왕.md isn't yet tracked by git, dates will be inaccurate

Warning: content/룩스테라/신격/물의 여신 쿠아리아.md isn't yet tracked by git, dates will be inaccurate

Warning: content/룩스테라/설정/발로르 왕국.md isn't yet tracked by git, dates will be inaccurate

Warning: content/룩스테라/신격/바다의 여신 칼라디엘.md isn't yet tracked by git, dates will be inaccurate

Warning: content/룩스테라/설정/불의 신성 왕국 아그니르.md isn't yet tracked by git, dates will be inaccurate

Warning: content/룩스테라/신격/바람의 신 아누르.md isn't yet tracked by git, dates will be inaccurate

Warning: content/룩스테라/설정/블랙헤이븐 항구.md isn't yet tracked by git, dates will be inaccurate

Warning: content/룩스테라/신격/발명과 번뜩임, 도약의 신 볼티르.md isn't yet tracked by git, dates will be inaccurate

Warning: content/룩스테라/설정/빛의 귀인.md isn't yet tracked by git, dates will be inaccurate

Warning: content/룩스테라/설정/생명의 신성 왕국 실바니아.md isn't yet tracked by git, dates will be inaccurate

Warning: content/룩스테라/신격/백염의 주인, 태양과 정화의 여신 일륜천후.md isn't yet tracked by git, dates will be inaccurate

Warning: content/룩스테라/설정/선림(仙林) 최소 개념 정리.md isn't yet tracked by git, dates will be inaccurate

Warning: content/룩스테라/설정/선림.md isn't yet tracked by git, dates will be inaccurate

Warning: content/룩스테라/설정/세계수 위그드라실.md isn't yet tracked by git, dates will be inaccurate

Warning: content/룩스테라/신격/백초의 현자, 의술과 해독의 신 약왕진인.md isn't yet tracked by git, dates will be inaccurate

Warning: content/룩스테라/설정/셀레스티얼 실바.md isn't yet tracked by git, dates will be inaccurate

Warning: content/룩스테라/신격/번개와 천둥의 신 아르게스.md isn't yet tracked by git, dates will be inaccurate

Warning: content/룩스테라/설정/솔리움 항구.md isn't yet tracked by git, dates will be inaccurate

Warning: content/룩스테라/설정/쉐도우글래스 항구.md isn't yet tracked by git, dates will be inaccurate

Warning: content/룩스테라/신격/번영과 거래, 투자의 신 아바리온.md isn't yet tracked by git, dates will be inaccurate

Warning: content/룩스테라/설정/스케이븐.md isn't yet tracked by git, dates will be inaccurate

Warning: content/룩스테라/설정/시초의 제국.md isn't yet tracked by git, dates will be inaccurate

Warning: content/룩스테라/설정/신앙과 종교.md isn't yet tracked by git, dates will be inaccurate

Warning: content/룩스테라/신격/부패와 질병의 여신 모르간.md isn't yet tracked by git, dates will be inaccurate

Warning: content/룩스테라/설정/실란도르 대륙.md isn't yet tracked by git, dates will be inaccurate

Warning: content/룩스테라/신격/북방의 얼음수호군 현명진무대군(玄冥眞武大君).md isn't yet tracked by git, dates will be inaccurate

Warning: content/룩스테라/설정/심해의 다섯 왕국의 성물.md isn't yet tracked by git, dates will be inaccurate

Warning: content/룩스테라/설정/심해의 의회.md isn't yet tracked by git, dates will be inaccurate

Warning: content/룩스테라/신격/분노와 복수의 신 자르카스.md isn't yet tracked by git, dates will be inaccurate

Warning: content/룩스테라/설정/쌍령왕국 사티야.md isn't yet tracked by git, dates will be inaccurate

Warning: content/룩스테라/신격/불과 열기의 신 아그니.md isn't yet tracked by git, dates will be inaccurate

Warning: content/룩스테라/설정/아그네스 밀러.md isn't yet tracked by git, dates will be inaccurate

Warning: content/룩스테라/설정/아르젠타 항구.md isn't yet tracked by git, dates will be inaccurate

Warning: content/룩스테라/신격/불행과 배신, 이간질의 여신 말리사.md isn't yet tracked by git, dates will be inaccurate

Warning: content/룩스테라/설정/아르카 마법 연합.md isn't yet tracked by git, dates will be inaccurate

Warning: content/룩스테라/신격/붉은 해성의 여신 아스테리아.md isn't yet tracked by git, dates will be inaccurate

Warning: content/룩스테라/설정/아우렐리아 항구.md isn't yet tracked by git, dates will be inaccurate

Warning: content/룩스테라/설정/아이언앵커 항구.md isn't yet tracked by git, dates will be inaccurate

Warning: content/룩스테라/신격/비구름의 군주, 강과 풍요의 신 청룡대제.md isn't yet tracked by git, dates will be inaccurate

Warning: content/룩스테라/설정/아이언포지 연맹.md isn't yet tracked by git, dates will be inaccurate

Warning: content/룩스테라/신격/비와 눈, 폭풍우의 여신 이리디아.md isn't yet tracked by git, dates will be inaccurate

Warning: content/룩스테라/설정/아주르헤이븐 항구.md isn't yet tracked by git, dates will be inaccurate

Warning: content/룩스테라/설정/아카이럼 밀러.md isn't yet tracked by git, dates will be inaccurate

Warning: content/룩스테라/신격/빛의 신 룬다르.md isn't yet tracked by git, dates will be inaccurate

Warning: content/룩스테라/설정/아크나톤 제국.md isn't yet tracked by git, dates will be inaccurate

Warning: content/룩스테라/신격/사랑과 미의 여신 베누아.md isn't yet tracked by git, dates will be inaccurate

Warning: content/룩스테라/설정/안개 농도.md isn't yet tracked by git, dates will be inaccurate

Warning: content/룩스테라/신격/산맥의 신 몬타누스.md isn't yet tracked by git, dates will be inaccurate

Warning: content/룩스테라/설정/앙그라의 못.md isn't yet tracked by git, dates will be inaccurate

Warning: content/룩스테라/설정/앙그라의 안개.md isn't yet tracked by git, dates will be inaccurate

Warning: content/룩스테라/신격/생명과 질서의 빛, 세계수의 여신 위그드라실.md isn't yet tracked by git, dates will be inaccurate

Warning: content/룩스테라/설정/앙그라의 잔향.md isn't yet tracked by git, dates will be inaccurate

Warning: content/룩스테라/신격/생명의 여신 실바누스.md isn't yet tracked by git, dates will be inaccurate

Warning: content/룩스테라/설정/어둠의 신성 왕국 에레보스.md isn't yet tracked by git, dates will be inaccurate

Warning: content/룩스테라/신격/서방의 강철호신 철악백호장군(鐵嶽白虎將軍).md isn't yet tracked by git, dates will be inaccurate

Warning: content/룩스테라/신격/서풍의 판정자, 서풍백룡진군(西風白龍眞君).md isn't yet tracked by git, dates will be inaccurate

Warning: content/룩스테라/설정/에리나 밀러.md isn't yet tracked by git, dates will be inaccurate

Warning: content/룩스테라/설정/에리디안 경비대.md isn't yet tracked by git, dates will be inaccurate

Warning: content/룩스테라/신격/성난 파도의 장수, 폭풍과 해전의 신 해뢰군.md isn't yet tracked by git, dates will be inaccurate

Warning: content/룩스테라/신격/쇠불의 장인, 대장간과 제련의 신 야철성군.md isn't yet tracked by git, dates will be inaccurate

Warning: content/룩스테라/설정/에리디안 대륙.md isn't yet tracked by git, dates will be inaccurate

Warning: content/룩스테라/신격/숲과 초목, 초원의 여신 아르데아.md isn't yet tracked by git, dates will be inaccurate

Warning: content/룩스테라/설정/에리디안 제국.md isn't yet tracked by git, dates will be inaccurate

Warning: content/룩스테라/신격/승천 실패의 흉조, 흑린망룡(黑鱗亡龍).md isn't yet tracked by git, dates will be inaccurate

Warning: content/룩스테라/설정/에메랄드게이트 항구.md isn't yet tracked by git, dates will be inaccurate

Warning: content/룩스테라/신격/시공간의 신 아이온.md isn't yet tracked by git, dates will be inaccurate

Warning: content/룩스테라/설정/에미르 라이트블룸 렘바이스.md isn't yet tracked by git, dates will be inaccurate

Warning: content/룩스테라/설정/에테르나 공화국.md isn't yet tracked by git, dates will be inaccurate

Warning: content/룩스테라/신격/신비의 여신 미스티아.md isn't yet tracked by git, dates will be inaccurate

Warning: content/룩스테라/설정/엘드라시온 왕국.md isn't yet tracked by git, dates will be inaccurate

Warning: content/룩스테라/신격/신산의 호령자, 산악과 수호의 신 백악산군.md isn't yet tracked by git, dates will be inaccurate

Warning: content/룩스테라/신격/아득한 혼돈의 카우나스.md isn't yet tracked by git, dates will be inaccurate

Warning: content/룩스테라/설정/엘프.md isn't yet tracked by git, dates will be inaccurate

Warning: content/룩스테라/설정/오렐리아 항구.md isn't yet tracked by git, dates will be inaccurate

Warning: content/룩스테라/설정/오르반 항구.md isn't yet tracked by git, dates will be inaccurate

Warning: content/룩스테라/신격/안식과 죽음의 신 솜누스.md isn't yet tracked by git, dates will be inaccurate

Warning: content/룩스테라/설정/옵시디언아치 항구.md isn't yet tracked by git, dates will be inaccurate

Warning: content/룩스테라/설정/운경 황국.md isn't yet tracked by git, dates will be inaccurate

Warning: content/룩스테라/설정/위그드라실 연맹.md isn't yet tracked by git, dates will be inaccurate

Warning: content/룩스테라/신격/야성과 짐승의 신 카르녹.md isn't yet tracked by git, dates will be inaccurate

Warning: content/룩스테라/신격/약초와 의술의 신 발란.md isn't yet tracked by git, dates will be inaccurate

Warning: content/룩스테라/설정/위그드라실 의회.md isn't yet tracked by git, dates will be inaccurate

Warning: content/룩스테라/설정/위스크 바람.md isn't yet tracked by git, dates will be inaccurate

Warning: content/룩스테라/설정/윈터홀드 항구.md isn't yet tracked by git, dates will be inaccurate

Warning: content/룩스테라/신격/어둠의 신 에레보스.md isn't yet tracked by git, dates will be inaccurate

Warning: content/룩스테라/설정/유광성역 메두살리스.md isn't yet tracked by git, dates will be inaccurate

Warning: content/룩스테라/신격/언어와 문자, 기록의 신 로기온.md isn't yet tracked by git, dates will be inaccurate

Warning: content/룩스테라/설정/이레귤러 헌터.md isn't yet tracked by git, dates will be inaccurate

Warning: content/룩스테라/신격/얼음과 냉기, 혹한의 여신 탈라샤.md isn't yet tracked by git, dates will be inaccurate

Warning: content/룩스테라/설정/자유 탐사 도시 오리진.md isn't yet tracked by git, dates will be inaccurate

Warning: content/룩스테라/신격/역천과 언데드의 신 네크룸.md isn't yet tracked by git, dates will be inaccurate

Warning: content/룩스테라/신격/예술과 음유시인의 신 리라온.md isn't yet tracked by git, dates will be inaccurate

Warning: content/룩스테라/설정/자유 탐사 연맹 공고 유형.md isn't yet tracked by git, dates will be inaccurate

Warning: content/룩스테라/신격/왕조의 흉길을 울리는 금오 금오태자(金烏太子).md isn't yet tracked by git, dates will be inaccurate

Warning: content/룩스테라/신격/용의 숨결과 비늘의 신 드라카드.md isn't yet tracked by git, dates will be inaccurate

Warning: content/룩스테라/신격/운명의 세 여신(우르다, 베르다, 나이트라).md isn't yet tracked by git, dates will be inaccurate

Warning: content/룩스테라/신격/인연의 미궁을 읽는 천호 구현천호낭랑(九玄天狐娘娘).md isn't yet tracked by git, dates will be inaccurate

Warning: content/룩스테라/신격/장례와 매장, 애도의 신 오비투스.md isn't yet tracked by git, dates will be inaccurate

Warning: content/룩스테라/설정/자유 탐사 연맹.md isn't yet tracked by git, dates will be inaccurate

Warning: content/룩스테라/신격/재앙의 열기, 홍련적룡군(紅蓮赤龍君).md isn't yet tracked by git, dates will be inaccurate

Warning: content/룩스테라/설정/재생왕국 아스테라케.md isn't yet tracked by git, dates will be inaccurate

Warning: content/룩스테라/신격/재와 연기의 여신 애신드라.md isn't yet tracked by git, dates will be inaccurate

Warning: content/룩스테라/설정/정령.md isn't yet tracked by git, dates will be inaccurate

Warning: content/룩스테라/설정/정제사.md isn't yet tracked by git, dates will be inaccurate

Warning: content/룩스테라/신격/잿더미의 부활조 염화주작천후(炎華朱雀天后).md isn't yet tracked by git, dates will be inaccurate

Warning: content/룩스테라/설정/진명영 항구.md isn't yet tracked by git, dates will be inaccurate

Warning: content/룩스테라/신격/전쟁과 방패, 수호의 여신 팔라기아.md isn't yet tracked by git, dates will be inaccurate

Warning: content/룩스테라/설정/진주해국 마르가리온.md isn't yet tracked by git, dates will be inaccurate

Warning: content/룩스테라/설정/천마신교.md isn't yet tracked by git, dates will be inaccurate

Warning: content/룩스테라/신격/전쟁과 용기, 영웅의 신 티리안.md isn't yet tracked by git, dates will be inaccurate

Warning: content/룩스테라/설정/천문대 항구.md isn't yet tracked by git, dates will be inaccurate

Warning: content/룩스테라/신격/전쟁과 전술, 책략의 신 시지아스.md isn't yet tracked by git, dates will be inaccurate

Warning: content/룩스테라/설정/철갑진 항구.md isn't yet tracked by git, dates will be inaccurate

Warning: content/룩스테라/설정/청연 대륙.md isn't yet tracked by git, dates will be inaccurate

Warning: content/룩스테라/신격/전쟁과 정복, 포학의 신 볼로고르.md isn't yet tracked by git, dates will be inaccurate

Warning: content/룩스테라/설정/카르바넬 왕국.md isn't yet tracked by git, dates will be inaccurate

Warning: content/룩스테라/신격/전쟁과 파괴의 신 바르툼.md isn't yet tracked by git, dates will be inaccurate

Warning: content/룩스테라/설정/카르코사 대륙.md isn't yet tracked by git, dates will be inaccurate

Warning: content/룩스테라/신격/지맥의 중심축, 중악황룡제군(中嶽黃龍帝君).md isn't yet tracked by git, dates will be inaccurate

Warning: content/룩스테라/설정/카밀론 락클리프.md isn't yet tracked by git, dates will be inaccurate

Warning: content/룩스테라/신격/지식과 지혜의 신 그녹시아스.md isn't yet tracked by git, dates will be inaccurate

Warning: content/룩스테라/설정/칼디라 대륙.md isn't yet tracked by git, dates will be inaccurate

Warning: content/룩스테라/설정/컬트 오브 디스페어.md isn't yet tracked by git, dates will be inaccurate

Warning: content/룩스테라/신격/지하세계의 여신 움브라.md isn't yet tracked by git, dates will be inaccurate

Warning: content/룩스테라/설정/크리스틴 밀러.md isn't yet tracked by git, dates will be inaccurate

Warning: content/룩스테라/설정/테라 셀레스티아.md isn't yet tracked by git, dates will be inaccurate

Warning: content/룩스테라/신격/진주길의 여신 네레이온.md isn't yet tracked by git, dates will be inaccurate

Warning: content/룩스테라/설정/테라 움브라.md isn't yet tracked by git, dates will be inaccurate

Warning: content/룩스테라/설정/테오르 마르케인.md isn't yet tracked by git, dates will be inaccurate

Warning: content/룩스테라/설정/토템 가디언.md isn't yet tracked by git, dates will be inaccurate

Warning: content/룩스테라/신격/질서와 법률의 신 유스토르.md isn't yet tracked by git, dates will be inaccurate

Warning: content/룩스테라/설정/투누케나 부족.md isn't yet tracked by git, dates will be inaccurate

Warning: content/룩스테라/설정/펠가르드 연맹.md isn't yet tracked by git, dates will be inaccurate

Warning: content/룩스테라/신격/징벌과 복수의 신 말레디크.md isn't yet tracked by git, dates will be inaccurate

Warning: content/룩스테라/신격/천명의 주재자, 하늘 질서의 신 옥황.md isn't yet tracked by git, dates will be inaccurate

Warning: content/룩스테라/설정/프로스트 앵커 항구.md isn't yet tracked by git, dates will be inaccurate

Warning: content/룩스테라/설정/프로스트베일 항구.md isn't yet tracked by git, dates will be inaccurate

Warning: content/룩스테라/설정/해월 연방.md isn't yet tracked by git, dates will be inaccurate

Warning: content/룩스테라/신격/축제와 유흥의 신 바카레스.md isn't yet tracked by git, dates will be inaccurate

Warning: content/룩스테라/신격/침몰한 비밀의 왕, 심연흑룡왕(深淵黑龍王).md isn't yet tracked by git, dates will be inaccurate

Warning: content/룩스테라/설정/해월진 항구.md isn't yet tracked by git, dates will be inaccurate

Warning: content/룩스테라/설정/화폐 개념.md isn't yet tracked by git, dates will be inaccurate

Warning: content/룩스테라/신격/탄생과 소멸, 순환의 신 르비우스.md isn't yet tracked by git, dates will be inaccurate

Warning: content/룩스테라/설정/흑묵서고국 세피라스.md isn't yet tracked by git, dates will be inaccurate

Warning: content/룩스테라/신격/태양의 신 솔라리스 달의 여신 루나리스.md isn't yet tracked by git, dates will be inaccurate

Warning: content/룩스테라/신격/통치와 권위의 신 오르다누스.md isn't yet tracked by git, dates will be inaccurate

Warning: content/룩스테라/신격/가뭄과 기근의 신 우르투스.md isn't yet tracked by git, dates will be inaccurate

Warning: content/룩스테라/신격/가정과 평안의 여신 베스티아.md isn't yet tracked by git, dates will be inaccurate

Warning: content/룩스테라/신격/풍요와 농경의 여신 하르비아.md isn't yet tracked by git, dates will be inaccurate

Warning: content/룩스테라/신격/거지와 방랑자의 신 미그라.md isn't yet tracked by git, dates will be inaccurate

Warning: content/룩스테라/신격/피맹세의 추적자, 원한과 복수의 신 암향신군.md isn't yet tracked by git, dates will be inaccurate

Warning: content/룩스테라/신격/거짓과 기만의 신 로칸.md isn't yet tracked by git, dates will be inaccurate

Warning: content/룩스테라/신격/피와 살육의 신 바르칼라인.md isn't yet tracked by git, dates will be inaccurate

Warning: content/룩스테라/신격/검은 갑각의 신 카르카노스.md isn't yet tracked by git, dates will be inaccurate

Warning: content/룩스테라/신격/하늘의 신 아이테리온.md isn't yet tracked by git, dates will be inaccurate

Warning: content/룩스테라/신격/검은 밤의 파수자, 어둠과 비밀의 신 현야신군.md isn't yet tracked by git, dates will be inaccurate

Warning: content/룩스테라/신격/해충과 역병의 여신 벨로지아.md isn't yet tracked by git, dates will be inaccurate

Warning: content/룩스테라/신격/격류와 흐름, 강의 신 리브라스.md isn't yet tracked by git, dates will be inaccurate

Warning: content/룩스테라/신격/행운의 여신 찬티아.md isn't yet tracked by git, dates will be inaccurate

Warning: content/룩스테라/신격/경계와 숨김, 안개의 신 노르시스.md isn't yet tracked by git, dates will be inaccurate

Warning: content/룩스테라/신격/형언할 수 없는 미지의 화신.md isn't yet tracked by git, dates will be inaccurate

Warning: content/룩스테라/신격/고요함과 멈춤, 호수의 여신 미레노아.md isn't yet tracked by git, dates will be inaccurate

Warning: content/룩스테라/신격/혼길의 중재자, 무속과 접신의 여신 무령할미.md isn't yet tracked by git, dates will be inaccurate

Warning: content/룩스테라/신격/고통과 절망의 신 페레고르.md isn't yet tracked by git, dates will be inaccurate

Warning: content/룩스테라/신격/화산의 신 불카르칸.md isn't yet tracked by git, dates will be inaccurate

Warning: content/룩스테라/신격/곡식의 어머니, 농경과 생명의 여신 농황신후.md isn't yet tracked by git, dates will be inaccurate

Warning: content/룩스테라/신격/환상과 몽환의 여신 에테리아.md isn't yet tracked by git, dates will be inaccurate

Warning: content/룩스테라/신격/공포와 허기, 검은 안개의 신 앙그라.md isn't yet tracked by git, dates will be inaccurate

Warning: content/룩스테라/신격/흑묵과 맹약의 신 오르시온.md isn't yet tracked by git, dates will be inaccurate

Warning: content/룩스테라/템플릿/설정_국가 템플릿.md isn't yet tracked by git, dates will be inaccurate

Warning: content/룩스테라/템플릿/설정_기본 템플릿.md isn't yet tracked by git, dates will be inaccurate

Warning: content/룩스테라/템플릿/설정_단체 템플릿.md isn't yet tracked by git, dates will be inaccurate

Warning: content/룩스테라/템플릿/설정_대륙 템플릿.md isn't yet tracked by git, dates will be inaccurate

Warning: content/룩스테라/템플릿/신격_기본 템플릿.md isn't yet tracked by git, dates will be inaccurate

Warning: content/엘드로스/설정/2031-2039 제4차 세계대전.md isn't yet tracked by git, dates will be inaccurate

Warning: content/엘드로스/설정/2040년대-2290년대 대붕괴.md isn't yet tracked by git, dates will be inaccurate

Warning: content/엘드로스/설정/2310 최초의 차원 굴절.md isn't yet tracked by git, dates will be inaccurate

Warning: content/엘드로스/설정/2320 선구자 결성.md isn't yet tracked by git, dates will be inaccurate

Warning: content/엘드로스/설정/클래스-슬레이어.md isn't yet tracked by git, dates will be inaccurate

Warning: content/엘드로스/설정/2322 위그드라실 식수.md isn't yet tracked by git, dates will be inaccurate

Warning: content/엘드로스/설정/길드-라의 영역.md isn't yet tracked by git, dates will be inaccurate

Warning: content/엘드로스/설정/클래스-알케미스트.md isn't yet tracked by git, dates will be inaccurate

Warning: content/엘드로스/설정/길드-붉은 십자.md isn't yet tracked by git, dates will be inaccurate

Warning: content/엘드로스/설정/클래스-어쎄신.md isn't yet tracked by git, dates will be inaccurate

Warning: content/엘드로스/설정/길드-새벽의 검.md isn't yet tracked by git, dates will be inaccurate

Warning: content/엘드로스/설정/클래스-에스퍼.md isn't yet tracked by git, dates will be inaccurate

Warning: content/엘드로스/설정/클래스-오퍼레이터.md isn't yet tracked by git, dates will be inaccurate

Warning: content/엘드로스/설정/길드-심연의 서클.md isn't yet tracked by git, dates will be inaccurate

Warning: content/엘드로스/설정/길드-정신의 탑.md isn't yet tracked by git, dates will be inaccurate

Warning: content/엘드로스/설정/클래스.md isn't yet tracked by git, dates will be inaccurate

Warning: content/엘드로스/설정/길드-철의 방패.md isn't yet tracked by git, dates will be inaccurate

Warning: content/엘드로스/설정/길드.md isn't yet tracked by git, dates will be inaccurate

Warning: content/엘드로스/설정/바이오 디바이스.md isn't yet tracked by git, dates will be inaccurate

Warning: content/엘드로스/설정/클랜.md isn't yet tracked by git, dates will be inaccurate

Warning: content/엘드로스/설정/신목의 요람.md isn't yet tracked by git, dates will be inaccurate

Warning: content/엘드로스/설정/헌터.md isn't yet tracked by git, dates will be inaccurate

Warning: content/엘드로스/설정/엘드로스.md isn't yet tracked by git, dates will be inaccurate

Warning: content/엘드로스/템플릿/설정_국가 템플릿.md isn't yet tracked by git, dates will be inaccurate

Warning: content/엘드로스/설정/위그드라실.md isn't yet tracked by git, dates will be inaccurate

Warning: content/엘드로스/템플릿/설정_기본 템플릿.md isn't yet tracked by git, dates will be inaccurate

Warning: content/엘드로스/설정/정제사.md isn't yet tracked by git, dates will be inaccurate

Warning: content/엘드로스/템플릿/설정_길드 템플릿.md isn't yet tracked by git, dates will be inaccurate

Warning: content/엘드로스/템플릿/설정_단체 템플릿.md isn't yet tracked by git, dates will be inaccurate

Warning: content/엘드로스/설정/클래스-드루이드.md isn't yet tracked by git, dates will be inaccurate

Warning: content/엘드로스/템플릿/설정_대륙 템플릿.md isn't yet tracked by git, dates will be inaccurate

Warning: content/엘드로스/설정/클래스-리퍼.md isn't yet tracked by git, dates will be inaccurate

Warning: content/엘드로스/템플릿/설정_도시 템플릿.md isn't yet tracked by git, dates will be inaccurate

Warning: content/엘드로스/템플릿/설정_몬스터 템플릿.md isn't yet tracked by git, dates will be inaccurate

Warning: content/엘드로스/설정/클래스-메카닉.md isn't yet tracked by git, dates will be inaccurate

Warning: content/엘드로스/템플릿/설정_사건 템플릿.md isn't yet tracked by git, dates will be inaccurate

Warning: content/엘드로스/템플릿/설정_아이템 템플릿.md isn't yet tracked by git, dates will be inaccurate

Warning: content/엘드로스/설정/클래스-비스트 테이머.md isn't yet tracked by git, dates will be inaccurate

Warning: content/엘드로스/템플릿/설정_인물 템플릿.md isn't yet tracked by git, dates will be inaccurate

Warning: content/엘드로스/설정/클래스-서머너.md isn't yet tracked by git, dates will be inaccurate

Warning: content/엘드로스/템플릿/설정_종족 템플릿.md isn't yet tracked by git, dates will be inaccurate

Warning: content/엘드로스/설정/클래스-성직자.md isn't yet tracked by git, dates will be inaccurate

Warning: content/엘드로스/템플릿/설정_클래스 템플릿.md isn't yet tracked by git, dates will be inaccurate

Warning: content/엘드로스/템플릿/설정_클랜 템플릿.md isn't yet tracked by git, dates will be inaccurate

Warning: content/엘드로스/설정/클래스-소서리스.md isn't yet tracked by git, dates will be inaccurate

Warning: content/엘드로스/템플릿/신격_기본 템플릿.md isn't yet tracked by git, dates will be inaccurate

Warning: content/위그드라실/설정/질서와 혼돈.md isn't yet tracked by git, dates will be inaccurate

Warning: content/위그드라실/설정/질서와 혼돈의 우주론.md isn't yet tracked by git, dates will be inaccurate

Warning: content/위그드라실/설정/창조신과 우주적 대립.md isn't yet tracked by git, dates will be inaccurate
Parsed 281 Markdown files in 4s
Filtered out 0 files in 241μs
Emitting files
Emitted 855 files to `public` in 29s
Done processing 281 files in 33s
[200] /%EB%A3%A9%EC%8A%A4%ED%85%8C%EB%9D%BC/%EC%84%A4%EC%A0%95/%EA%B0%91%EA%B0%81%EC%9A%94%EC%83%88%EA%B5%AD-%EC%B9%B4%EB%A5%B4%ED%82%A4%EB%85%BC
[200] /%EB%A3%A9%EC%8A%A4%ED%85%8C%EB%9D%BC/%EC%9D%B4%EB%AF%B8%EC%A7%80/%EC%84%A4%EC%A0%95/%EA%B0%91%EA%B0%81%EC%9A%94%EC%83%88%EA%B5%AD_%EC%B9%B4%EB%A5%B4%ED%82%A4%EB%85%BC.webp
[200] /index.css
[200] /prescript.js
[200] /postscript.js
[200] /static/contentIndex.json
[200] /static/icon.png
[200] /%EB%A3%A9%EC%8A%A4%ED%85%8C%EB%9D%BC/%EC%84%A4%EC%A0%95/%EA%B0%91%EA%B0%81%EC%9A%94%EC%83%88%EA%B5%AD-%EC%B9%B4%EB%A5%B4%ED%82%A4%EB%85%BC
[404] /%EB%A3%A9%EC%8A%A4%ED%85%8C%EB%9D%BC/%EC%84%A4%EC%A0%95/%EA%B0%91%EA%B0%81%EC%9A%94%EC%83%88%EA%B5%AD-%EC%B9%B4%EB%A5%B4%ED%82%A4%EB%85%BC/%EB%A3%A9%EC%8A%A4%ED%85%8C%EB%9D%BC/%EC%9D%B4%EB%AF%B8%EC%A7%80/%EC%84%A4%EC%A0%95/%EA%B0%91%EA%B0%81%EC%9A%94%EC%83%88%EA%B5%AD_%EC%B9%B4%EB%A5%B4%ED%82%A4%EB%85%BC.webp
[200] /%EB%A3%A9%EC%8A%A4%ED%85%8C%EB%9D%BC/%EC%9D%B4%EB%AF%B8%EC%A7%80/%EC%84%A4%EC%A0%95/%EA%B0%91%EA%B0%81%EC%9A%94%EC%83%88%EA%B5%AD_%EC%B9%B4%EB%A5%B4%ED%82%A4%EB%85%BC.webp
[200] /%EB%A3%A9%EC%8A%A4%ED%85%8C%EB%9D%BC/%EC%8B%A0%EA%B2%A9/%EB%8C%80%EC%A7%80%EC%9D%98-%EC%8B%A0-%EB%A5%B4%EA%B8%B0%EC%95%88
[200] /
[200] /%EB%A3%A9%EC%8A%A4%ED%85%8C%EB%9D%BC/%EC%84%A4%EC%A0%95/%EA%B0%91%EA%B0%81%EC%9A%94%EC%83%88%EA%B5%AD-%EC%B9%B4%EB%A5%B4%ED%82%A4%EB%85%BC
[200] /%EB%A3%A9%EC%8A%A4%ED%85%8C%EB%9D%BC/%EC%84%A4%EC%A0%95/%EC%8B%AC%ED%95%B4%EC%9D%98-%EC%9D%98%ED%9A%8C
[200] /%EB%A3%A9%EC%8A%A4%ED%85%8C%EB%9D%BC/%EC%84%A4%EC%A0%95/%EC%9E%AC%EC%83%9D%EC%99%95%EA%B5%AD-%EC%95%84%EC%8A%A4%ED%85%8C%EB%9D%BC%EC%BC%80
[200] /%EB%A3%A9%EC%8A%A4%ED%85%8C%EB%9D%BC/%EC%9D%B4%EB%AF%B8%EC%A7%80/%EC%84%A4%EC%A0%95/%EC%9E%AC%EC%83%9D%EC%99%95%EA%B5%AD_%EC%95%84%EC%8A%A4%ED%85%8C%EB%9D%BC%EC%BC%80.webp
[200] /%EB%A3%A9%EC%8A%A4%ED%85%8C%EB%9D%BC/%EC%84%A4%EC%A0%95/%EA%B0%91%EA%B0%81%EC%9A%94%EC%83%88%EA%B5%AD-%EC%B9%B4%EB%A5%B4%ED%82%A4%EB%85%BC
[200] /%EB%A3%A9%EC%8A%A4%ED%85%8C%EB%9D%BC/%EC%84%A4%EC%A0%95/%EB%A7%88%EB%82%98%EC%99%80-%EB%A7%88%EB%B2%95
[200] /%EB%A3%A9%EC%8A%A4%ED%85%8C%EB%9D%BC/%EC%84%A4%EC%A0%95/%EA%B0%95%EC%B2%A0-%EC%A0%9C%EA%B5%AD-%EB%8D%B0%EC%9A%B0%EC%8A%A4
[200] /%EB%A3%A9%EC%8A%A4%ED%85%8C%EB%9D%BC/%EC%9D%B4%EB%AF%B8%EC%A7%80/%EC%84%A4%EC%A0%95/%EA%B0%95%EC%B2%A0_%EC%A0%9C%EA%B5%AD_%EB%8D%B0%EC%9A%B0%EC%8A%A4.webp
[200] /%EB%A3%A9%EC%8A%A4%ED%85%8C%EB%9D%BC/%EC%84%A4%EC%A0%95/%EA%B2%80%EC%9D%80-%EA%B4%91%EA%B8%B0
[200] /%EB%A3%A9%EC%8A%A4%ED%85%8C%EB%9D%BC/%EC%84%A4%EC%A0%95/%EA%B3%B5%ED%8F%AC%EC%9D%98-%EC%9D%98%ED%9A%8C
[200] /%EB%A3%A9%EC%8A%A4%ED%85%8C%EB%9D%BC/%EC%84%A4%EC%A0%95/%EA%B0%91%EA%B0%81%EC%9A%94%EC%83%88%EA%B5%AD-%EC%B9%B4%EB%A5%B4%ED%82%A4%EB%85%BC
[200] /%EB%A3%A9%EC%8A%A4%ED%85%8C%EB%9D%BC/%EC%84%A4%EC%A0%95/%EA%B8%B0%EB%85%84%EB%B2%95-Ausvalen-Cataclysm-(BAC-AAC)
[200] /%EB%A3%A9%EC%8A%A4%ED%85%8C%EB%9D%BC/%EC%84%A4%EC%A0%95/%EB%8C%80%EB%A7%88%EA%B2%BD-%EC%95%84%EC%9A%B0%EC%8A%A4%EB%B0%9C%EB%A0%8C-%EB%8D%98%EC%A0%84
[200] /%EB%A3%A9%EC%8A%A4%ED%85%8C%EB%9D%BC/%EC%9D%B4%EB%AF%B8%EC%A7%80/%EC%84%A4%EC%A0%95/%EB%8C%80%EB%A7%88%EA%B2%BD_%EC%95%84%EC%9A%B0%EC%8A%A4%EB%B0%9C%EB%A0%8C_%EB%8D%98%EC%A0%84.webp
[200] /%EB%A3%A9%EC%8A%A4%ED%85%8C%EB%9D%BC/%EC%84%A4%EC%A0%95/%EC%9E%90%EC%9C%A0-%ED%83%90%EC%82%AC-%EB%8F%84%EC%8B%9C-%EC%98%A4%EB%A6%AC%EC%A7%84
[200] /%EB%A3%A9%EC%8A%A4%ED%85%8C%EB%9D%BC/%EC%9D%B4%EB%AF%B8%EC%A7%80/%EC%84%A4%EC%A0%95/%EC%9E%90%EC%9C%A0_%ED%83%90%EC%82%AC_%EB%8F%84%EC%8B%9C_%EC%98%A4%EB%A6%AC%EC%A7%84.webp
[200] /%EB%A3%A9%EC%8A%A4%ED%85%8C%EB%9D%BC/%EC%84%A4%EC%A0%95/%EA%B2%80%EC%9D%80-%EA%B4%91%EA%B8%B0
[200] /%EB%A3%A9%EC%8A%A4%ED%85%8C%EB%9D%BC/%EC%84%A4%EC%A0%95/%EB%84%A4%EB%B2%A0%EC%95%84-%EB%8C%80%EB%A5%99
Detected a source code change, doing a hard rebuild...
